// Jest Snapshot v1, https://goo.gl/fbAQLP

exports[`Error page matches snapshot 1`] = `
<div
  className="error-page-title"
  data-testid="error-page-title"
>
   404 - Not found 
</div>
`;
