// Jest Snapshot v1, https://goo.gl/fbAQLP

exports[`Home page matches snapshot 1`] = `
<div
  className="Home"
  data-testid="home-page-title"
>
  Home
</div>
`;
