// Jest Snapshot v1, https://goo.gl/fbAQLP

exports[`NavBar page matches snapshot 1`] = `
<div
  className="nav-bar"
  data-testid="nav-bar"
>
  <div
    className="MuiPaper-root MuiPaper-elevation1"
    id="nav-bar-container"
  >
    <div
      className="MuiTabs-root"
    >
      <div
        className="MuiTabs-scroller MuiTabs-fixed"
        onScroll={[Function]}
        style={
          Object {
            "marginBottom": null,
            "overflow": "hidden",
          }
        }
      >
        <div
          aria-label="disabled tabs example"
          className="MuiTabs-flexContainer"
          onKeyDown={[Function]}
          role="tablist"
        >
          <button
            aria-selected={true}
            className="MuiButtonBase-root MuiTab-root MuiTab-textColorPrimary Mui-selected"
            data-testid="home-tab"
            disabled={false}
            onBlur={[Function]}
            onClick={[Function]}
            onDragLeave={[Function]}
            onFocus={[Function]}
            onKeyDown={[Function]}
            onKeyUp={[Function]}
            onMouseDown={[Function]}
            onMouseLeave={[Function]}
            onMouseUp={[Function]}
            onTouchEnd={[Function]}
            onTouchMove={[Function]}
            onTouchStart={[Function]}
            role="tab"
            tabIndex={0}
            type="button"
          >
            <span
              className="MuiTab-wrapper"
            >
              Home
            </span>
            <span
              className="PrivateTabIndicator-root-9 PrivateTabIndicator-colorPrimary-10 MuiTabs-indicator"
              style={Object {}}
            />
          </button>
          <button
            aria-selected={false}
            className="MuiButtonBase-root MuiTab-root MuiTab-textColorPrimary"
            data-testid="listings-tab"
            disabled={false}
            onBlur={[Function]}
            onClick={[Function]}
            onDragLeave={[Function]}
            onFocus={[Function]}
            onKeyDown={[Function]}
            onKeyUp={[Function]}
            onMouseDown={[Function]}
            onMouseLeave={[Function]}
            onMouseUp={[Function]}
            onTouchEnd={[Function]}
            onTouchMove={[Function]}
            onTouchStart={[Function]}
            role="tab"
            tabIndex={-1}
            type="button"
          >
            <span
              className="MuiTab-wrapper"
            >
              Property Listings
            </span>
          </button>
          <button
            aria-selected={false}
            className="MuiButtonBase-root MuiTab-root MuiTab-textColorPrimary"
            data-testid="saved-listings-tab"
            disabled={false}
            onBlur={[Function]}
            onClick={[Function]}
            onDragLeave={[Function]}
            onFocus={[Function]}
            onKeyDown={[Function]}
            onKeyUp={[Function]}
            onMouseDown={[Function]}
            onMouseLeave={[Function]}
            onMouseUp={[Function]}
            onTouchEnd={[Function]}
            onTouchMove={[Function]}
            onTouchStart={[Function]}
            role="tab"
            tabIndex={-1}
            type="button"
          >
            <span
              className="MuiTab-wrapper"
            >
              Saved Listings
            </span>
          </button>
        </div>
      </div>
    </div>
  </div>
</div>
`;
